../Testcases/TestCase2/F9/xgi.txt
../Testcases/TestCase2/F7/xez.txt
../Testcases/TestCase2/F3/xbv.txt
../Testcases/TestCase2/F5/xdd.txt
../Testcases/TestCase2/F10/xhk.txt
../Testcases/TestCase2/F2/xbe.txt
../Testcases/TestCase2/F1/xan.txt
../Testcases/TestCase2/F8/xfu.txt
../Testcases/TestCase2/F6/xeh.txt
../Testcases/TestCase2/F4/xcq.txt
