../Testcases/TestCase2/F9/xgf.txt
../Testcases/TestCase2/F7/xfb.txt
../Testcases/TestCase2/F3/xbp.txt
../Testcases/TestCase2/F5/xdq.txt
../Testcases/TestCase2/F10/xhb.txt
../Testcases/TestCase2/F2/xbm.txt
../Testcases/TestCase2/F1/xai.txt
../Testcases/TestCase2/F8/xga.txt
../Testcases/TestCase2/F6/xem.txt
../Testcases/TestCase2/F4/xdb.txt
