../Testcases/TestCase2/F9/xgh.txt
../Testcases/TestCase2/F7/xew.txt
../Testcases/TestCase2/F3/xbo.txt
../Testcases/TestCase2/F5/xdc.txt
../Testcases/TestCase2/F10/xhn.txt
../Testcases/TestCase2/F2/xbn.txt
../Testcases/TestCase2/F1/xaf.txt
../Testcases/TestCase2/F8/xgd.txt
../Testcases/TestCase2/F6/xdx.txt
../Testcases/TestCase2/F4/xcj.txt
