../Testcases/TestCase2/F9/xgt.txt
../Testcases/TestCase2/F7/xfg.txt
../Testcases/TestCase2/F3/xbu.txt
../Testcases/TestCase2/F5/xds.txt
../Testcases/TestCase2/F10/xhr.txt
../Testcases/TestCase2/F2/xat.txt
../Testcases/TestCase2/F1/xac.txt
../Testcases/TestCase2/F8/xfy.txt
../Testcases/TestCase2/F6/xdz.txt
../Testcases/TestCase2/F4/xcp.txt
