../Testcases/TestCase2/F9/xgu.txt
../Testcases/TestCase2/F7/xes.txt
../Testcases/TestCase2/F3/xbx.txt
../Testcases/TestCase2/F5/xdp.txt
../Testcases/TestCase2/F10/xhq.txt
../Testcases/TestCase2/F2/xba.txt
../Testcases/TestCase2/F1/xbh.txt
../Testcases/TestCase2/F8/xfk.txt
../Testcases/TestCase2/F6/xel.txt
../Testcases/TestCase2/F4/xco.txt
