../Testcases/TestCase2/F9/xgg.txt
../Testcases/TestCase2/F7/xeu.txt
../Testcases/TestCase2/F3/xbq.txt
../Testcases/TestCase2/F5/xdh.txt
../Testcases/TestCase2/F10/xhh.txt
../Testcases/TestCase2/F2/xbb.txt
../Testcases/TestCase2/F1/xag.txt
../Testcases/TestCase2/F8/xft.txt
../Testcases/TestCase2/F6/xed.txt
../Testcases/TestCase2/F4/xcn.txt
