../Testcases/TestCase2/F9/xgj.txt
../Testcases/TestCase2/F7/xey.txt
../Testcases/TestCase2/F3/xby.txt
../Testcases/TestCase2/F5/xdv.txt
../Testcases/TestCase2/F10/xgz.txt
../Testcases/TestCase2/F2/xaw.txt
../Testcases/TestCase2/F1/xbg.txt
../Testcases/TestCase2/F8/xfx.txt
../Testcases/TestCase2/F6/xep.txt
../Testcases/TestCase2/F4/xcw.txt
