../Testcases/TestCase2/F9/xgm.txt
../Testcases/TestCase2/F7/xfc.txt
../Testcases/TestCase2/F3/xce.txt
../Testcases/TestCase2/F5/xdg.txt
../Testcases/TestCase2/F10/xhp.txt
../Testcases/TestCase2/F2/xay.txt
../Testcases/TestCase2/F1/xah.txt
../Testcases/TestCase2/F8/xfv.txt
../Testcases/TestCase2/F6/xen.txt
../Testcases/TestCase2/F4/xci.txt
